src/pages/Login.tsx(85,74): error TS2345: Argument of type 'unknown' is not assignable to parameter of type 'string'.
src/pages/Login.tsx(114,36): error TS2304: Cannot find name 'step'.
